
> my-web-app@0.0.0 build
> vite build

[36mvite v7.3.1 [32mbuilding client environment for production...[36m[39m
transforming...
[32mΓ£ô[39m 1 modules transformed.
node.exe : 
[31mΓ£ù[39m Build 
failed in 80ms
At C:\Program Files\nod
ejs\npm.ps1:29 char:3
+   & $NODE_EXE 
$NPM_CLI_JS $args
+   ~~~~~~~~~~~~~~~~~~~
~~~~~~~~~~
    + CategoryInfo     
         : NotSpecifi  
  ed: ([31mΓ£ù[39m   
  Build failed in 8    
0ms:String) [], Re    
moteException
    + FullyQualifiedEr 
   rorId : NativeComm  
  andError
 
[31merror during 
build:
[31m[vite:build-html] 
main.js (192:53): 
Expected ',', got 
'string literal'[31m
file: [36mD:/newe scip
rt/excel/my-web-app/mai
n.js:192:53 (D:/newe sc
iprt/excel/my-web-app/i
ndex.html)[31m
[33m
190:                   
  try {
191:                   
      const dateStr = S
tring(row.rawDate).trim
();
192:                   
      const parts = dat
eStr.split(r'[\/\-\.]')
;
                       
                       
            ^
193:                   
      if (parts.length 
=== 3) {
194:                   
          let day = 
parseInt(parts[0]);
[31m
    at getRollupError (
file:///D:/newe%20scipr
t/excel/my-web-app/node
_modules/rollup/dist/es
/shared/parseAst.js:402
:41)
    at 
ParseError.initialise (
file:///D:/newe%20scipr
t/excel/my-web-app/node
_modules/rollup/dist/es
/shared/node-entry.js:1
4465:28)
    at convertNode (fil
e:///D:/newe%20sciprt/e
xcel/my-web-app/node_mo
dules/rollup/dist/es/sh
ared/node-entry.js:1643
7:10)
    at convertProgram (
file:///D:/newe%20scipr
t/excel/my-web-app/node
_modules/rollup/dist/es
/shared/node-entry.js:1
5677:12)
    at 
Module.setSource (file:
///D:/newe%20sciprt/exc
el/my-web-app/node_modu
les/rollup/dist/es/shar
ed/node-entry.js:17392:
24)
    at async ModuleLoad
er.addModuleSource (fil
e:///D:/newe%20sciprt/e
xcel/my-web-app/node_mo
dules/rollup/dist/es/sh
ared/node-entry.js:2149
7:13)[39m
